Two-body basis
Example subspace
 index   0 N1 l1 j1 N2 l2 j2   0   0 1/2   0   0 1/2
 index   1 N1 l1 j1 N2 l2 j2   0   0 1/2   2   0 1/2
 index   2 N1 l1 j1 N2 l2 j2   1   1 1/2   1   1 1/2
 index   3 N1 l1 j1 N2 l2 j2   1   1 3/2   1   1 3/2
 index   4 N1 l1 j1 N2 l2 j2   0   0 1/2   4   0 1/2
 index   5 N1 l1 j1 N2 l2 j2   1   1 1/2   3   1 1/2
 index   6 N1 l1 j1 N2 l2 j2   1   1 3/2   3   1 3/2
 index   7 N1 l1 j1 N2 l2 j2   2   0 1/2   2   0 1/2
 index   8 N1 l1 j1 N2 l2 j2   2   2 3/2   2   2 3/2
 index   9 N1 l1 j1 N2 l2 j2   2   2 5/2   2   2 5/2
 index  10 N1 l1 j1 N2 l2 j2   0   0 1/2   6   0 1/2
 index  11 N1 l1 j1 N2 l2 j2   1   1 1/2   5   1 1/2
 index  12 N1 l1 j1 N2 l2 j2   1   1 3/2   5   1 3/2
 index  13 N1 l1 j1 N2 l2 j2   2   0 1/2   4   0 1/2
 index  14 N1 l1 j1 N2 l2 j2   2   2 3/2   4   2 3/2
 index  15 N1 l1 j1 N2 l2 j2   2   2 5/2   4   2 5/2
 index  16 N1 l1 j1 N2 l2 j2   3   1 1/2   3   1 1/2
 index  17 N1 l1 j1 N2 l2 j2   3   1 3/2   3   1 3/2
 index  18 N1 l1 j1 N2 l2 j2   3   3 5/2   3   3 5/2
 index  19 N1 l1 j1 N2 l2 j2   3   3 7/2   3   3 7/2
Two-body space
 index   0 JTg   0   0   0 Nmax   2 dim   1 
 index   1 JTg   0   0   1 Nmax   1 dim   1 
 index   2 JTg   0   1   0 Nmax   2 dim   4 
 index   3 JTg   0   1   1 Nmax   1 dim   1 
 index   4 JTg   1   0   0 Nmax   2 dim   6 
 index   5 JTg   1   0   1 Nmax   1 dim   2 
 index   6 JTg   1   1   0 Nmax   2 dim   3 
 index   7 JTg   1   1   1 Nmax   1 dim   2 
 index   8 JTg   2   0   0 Nmax   2 dim   3 
 index   9 JTg   2   0   1 Nmax   1 dim   1 
 index  10 JTg   2   1   0 Nmax   2 dim   4 
 index  11 JTg   2   1   1 Nmax   1 dim   1 
 index  12 JTg   3   0   0 Nmax   2 dim   2 
 index  13 JTg   3   1   0 Nmax   2 dim   1 
Two-body operator sectors
 J0 2 T0 0 g0 0
 sector   0      index   0 JTg   0  0  0 dim   1      index   8 JTg   2  0  0 dim   3
 sector   1      index   1 JTg   0  0  1 dim   1      index   9 JTg   2  0  1 dim   1
 sector   2      index   2 JTg   0  1  0 dim   4      index  10 JTg   2  1  0 dim   4
 sector   3      index   3 JTg   0  1  1 dim   1      index  11 JTg   2  1  1 dim   1
 sector   4      index   4 JTg   1  0  0 dim   6      index   4 JTg   1  0  0 dim   6
 sector   5      index   4 JTg   1  0  0 dim   6      index   8 JTg   2  0  0 dim   3
 sector   6      index   4 JTg   1  0  0 dim   6      index  12 JTg   3  0  0 dim   2
 sector   7      index   5 JTg   1  0  1 dim   2      index   5 JTg   1  0  1 dim   2
 sector   8      index   5 JTg   1  0  1 dim   2      index   9 JTg   2  0  1 dim   1
 sector   9      index   6 JTg   1  1  0 dim   3      index   6 JTg   1  1  0 dim   3
 sector  10      index   6 JTg   1  1  0 dim   3      index  10 JTg   2  1  0 dim   4
 sector  11      index   6 JTg   1  1  0 dim   3      index  13 JTg   3  1  0 dim   1
 sector  12      index   7 JTg   1  1  1 dim   2      index   7 JTg   1  1  1 dim   2
 sector  13      index   7 JTg   1  1  1 dim   2      index  11 JTg   2  1  1 dim   1
 sector  14      index   8 JTg   2  0  0 dim   3      index   8 JTg   2  0  0 dim   3
 sector  15      index   8 JTg   2  0  0 dim   3      index  12 JTg   3  0  0 dim   2
 sector  16      index   9 JTg   2  0  1 dim   1      index   9 JTg   2  0  1 dim   1
 sector  17      index  10 JTg   2  1  0 dim   4      index  10 JTg   2  1  0 dim   4
 sector  18      index  10 JTg   2  1  0 dim   4      index  13 JTg   3  1  0 dim   1
 sector  19      index  11 JTg   2  1  1 dim   1      index  11 JTg   2  1  1 dim   1
 sector  20      index  12 JTg   3  0  0 dim   2      index  12 JTg   3  0  0 dim   2
 sector  21      index  13 JTg   3  1  0 dim   1      index  13 JTg   3  1  0 dim   1
Two-body basis -- subspaced by N
Example subspace
 index   0 N1 l1 j1 N2 l2 j2   0   0 1/2   6   0 1/2
 index   1 N1 l1 j1 N2 l2 j2   1   1 1/2   5   1 1/2
 index   2 N1 l1 j1 N2 l2 j2   1   1 3/2   5   1 3/2
 index   3 N1 l1 j1 N2 l2 j2   2   0 1/2   4   0 1/2
 index   4 N1 l1 j1 N2 l2 j2   2   2 3/2   4   2 3/2
 index   5 N1 l1 j1 N2 l2 j2   2   2 5/2   4   2 5/2
 index   6 N1 l1 j1 N2 l2 j2   3   1 1/2   3   1 1/2
 index   7 N1 l1 j1 N2 l2 j2   3   1 3/2   3   1 3/2
 index   8 N1 l1 j1 N2 l2 j2   3   3 5/2   3   3 5/2
 index   9 N1 l1 j1 N2 l2 j2   3   3 7/2   3   3 7/2
Two-body space
 index   0 JTg   0   1   0 N   0 dim   1 
 index   1 JTg   1   0   0 N   0 dim   1 
 index   2 JTg   0   0   1 N   1 dim   1 
 index   3 JTg   0   1   1 N   1 dim   1 
 index   4 JTg   1   0   1 N   1 dim   2 
 index   5 JTg   1   1   1 N   1 dim   2 
 index   6 JTg   2   0   1 N   1 dim   1 
 index   7 JTg   2   1   1 N   1 dim   1 
 index   8 JTg   0   0   0 N   2 dim   1 
 index   9 JTg   0   1   0 N   2 dim   3 
 index  10 JTg   1   0   0 N   2 dim   5 
 index  11 JTg   1   1   0 N   2 dim   3 
 index  12 JTg   2   0   0 N   2 dim   3 
 index  13 JTg   2   1   0 N   2 dim   4 
 index  14 JTg   3   0   0 N   2 dim   2 
 index  15 JTg   3   1   0 N   2 dim   1 
Two-body operator sectors
 J0 2 T0 0 g0 0
 sector   0      index   0 JTg-N   0  1  0  0 dim   1      index  13 JTg-N   2  1  0  2 dim   4
 sector   1      index   1 JTg-N   1  0  0  0 dim   1      index   1 JTg-N   1  0  0  0 dim   1
 sector   2      index   1 JTg-N   1  0  0  0 dim   1      index  10 JTg-N   1  0  0  2 dim   5
 sector   3      index   1 JTg-N   1  0  0  0 dim   1      index  12 JTg-N   2  0  0  2 dim   3
 sector   4      index   1 JTg-N   1  0  0  0 dim   1      index  14 JTg-N   3  0  0  2 dim   2
 sector   5      index   2 JTg-N   0  0  1  1 dim   1      index   6 JTg-N   2  0  1  1 dim   1
 sector   6      index   3 JTg-N   0  1  1  1 dim   1      index   7 JTg-N   2  1  1  1 dim   1
 sector   7      index   4 JTg-N   1  0  1  1 dim   2      index   4 JTg-N   1  0  1  1 dim   2
 sector   8      index   4 JTg-N   1  0  1  1 dim   2      index   6 JTg-N   2  0  1  1 dim   1
 sector   9      index   5 JTg-N   1  1  1  1 dim   2      index   5 JTg-N   1  1  1  1 dim   2
 sector  10      index   5 JTg-N   1  1  1  1 dim   2      index   7 JTg-N   2  1  1  1 dim   1
 sector  11      index   6 JTg-N   2  0  1  1 dim   1      index   6 JTg-N   2  0  1  1 dim   1
 sector  12      index   7 JTg-N   2  1  1  1 dim   1      index   7 JTg-N   2  1  1  1 dim   1
 sector  13      index   8 JTg-N   0  0  0  2 dim   1      index  12 JTg-N   2  0  0  2 dim   3
 sector  14      index   9 JTg-N   0  1  0  2 dim   3      index  13 JTg-N   2  1  0  2 dim   4
 sector  15      index  10 JTg-N   1  0  0  2 dim   5      index  10 JTg-N   1  0  0  2 dim   5
 sector  16      index  10 JTg-N   1  0  0  2 dim   5      index  12 JTg-N   2  0  0  2 dim   3
 sector  17      index  10 JTg-N   1  0  0  2 dim   5      index  14 JTg-N   3  0  0  2 dim   2
 sector  18      index  11 JTg-N   1  1  0  2 dim   3      index  11 JTg-N   1  1  0  2 dim   3
 sector  19      index  11 JTg-N   1  1  0  2 dim   3      index  13 JTg-N   2  1  0  2 dim   4
 sector  20      index  11 JTg-N   1  1  0  2 dim   3      index  15 JTg-N   3  1  0  2 dim   1
 sector  21      index  12 JTg-N   2  0  0  2 dim   3      index  12 JTg-N   2  0  0  2 dim   3
 sector  22      index  12 JTg-N   2  0  0  2 dim   3      index  14 JTg-N   3  0  0  2 dim   2
 sector  23      index  13 JTg-N   2  1  0  2 dim   4      index  13 JTg-N   2  1  0  2 dim   4
 sector  24      index  13 JTg-N   2  1  0  2 dim   4      index  15 JTg-N   3  1  0  2 dim   1
 sector  25      index  14 JTg-N   3  0  0  2 dim   2      index  14 JTg-N   3  0  0  2 dim   2
 sector  26      index  15 JTg-N   3  1  0  2 dim   1      index  15 JTg-N   3  1  0  2 dim   1
